[    0.000000] Linux version 4.15.0-101-generic (buildd@lgw01-amd64-003) (gcc version 7.5.0 (Ubuntu 7.5.0-3ubuntu1~18.04)) #102-Ubuntu SMP Mon May 11 10:07:26 UTC 2020 (Ubuntu 4.15.0-101.102-generic 4.15.18)
[    0.000000] Command line: BOOT_IMAGE=/boot/vmlinuz-4.15.0-101-generic root=LABEL=cloudimg-rootfs ro console=tty1 console=ttyS0
[    0.000000] KERNEL supported cpus:
[    0.000000]   Intel GenuineIntel
[    0.000000]   AMD AuthenticAMD
[    0.000000]   Centaur CentaurHauls
[    0.000000] x86/fpu: Supporting XSAVE feature 0x001: 'x87 floating point registers'
[    0.000000] x86/fpu: Supporting XSAVE feature 0x002: 'SSE registers'
[    0.000000] x86/fpu: Supporting XSAVE feature 0x004: 'AVX registers'
[    0.000000] x86/fpu: xstate_offset[2]:  576, xstate_sizes[2]:  256
[    0.000000] x86/fpu: Enabled xstate features 0x7, context size is 832 bytes, using 'standard' format.
[    0.000000] e820: BIOS-provided physical RAM map:
[    0.000000] BIOS-e820: [mem 0x0000000000000000-0x000000000009fbff] usable
[    0.000000] BIOS-e820: [mem 0x000000000009fc00-0x000000000009ffff] reserved
[    0.000000] BIOS-e820: [mem 0x00000000000f0000-0x00000000000fffff] reserved
[    0.000000] BIOS-e820: [mem 0x0000000000100000-0x000000003ffeffff] usable
[    0.000000] BIOS-e820: [mem 0x000000003fff0000-0x000000003fffffff] ACPI data
[    0.000000] BIOS-e820: [mem 0x00000000fec00000-0x00000000fec00fff] reserved
[    0.000000] BIOS-e820: [mem 0x00000000fee00000-0x00000000fee00fff] reserved
[    0.000000] BIOS-e820: [mem 0x00000000fffc0000-0x00000000ffffffff] reserved
[    0.000000] NX (Execute Disable) protection: active
[    0.000000] SMBIOS 2.5 present.
[    0.000000] DMI: innotek GmbH VirtualBox/VirtualBox, BIOS VirtualBox 12/01/2006
[    0.000000] Hypervisor detected: KVM
[    0.000000] e820: last_pfn = 0x3fff0 max_arch_pfn = 0x400000000
[    0.000000] MTRR: Disabled
[    0.000000] x86/PAT: MTRRs disabled, skipping PAT initialization too.
[    0.000000] CPU MTRRs all blank - virtualized system.
[    0.000000] x86/PAT: Configuration [0-7]: WB  WT  UC- UC  WB  WT  UC- UC  
[    0.000000] found SMP MP-table at [mem 0x0009fff0-0x0009ffff]
[    0.000000] Scanning 1 areas for low memory corruption
[    0.000000] RAMDISK: [mem 0x35a6d000-0x36d2dfff]
[    0.000000] ACPI: Early table checksum verification disabled
[    0.000000] ACPI: RSDP 0x00000000000E0000 000024 (v02 VBOX  )
[    0.000000] ACPI: XSDT 0x000000003FFF0030 00003C (v01 VBOX   VBOXXSDT 00000001 ASL  00000061)
[    0.000000] ACPI: FACP 0x000000003FFF00F0 0000F4 (v04 VBOX   VBOXFACP 00000001 ASL  00000061)
[    0.000000] ACPI: DSDT 0x000000003FFF0470 002325 (v02 VBOX   VBOXBIOS 00000002 INTL 20100528)
[    0.000000] ACPI: FACS 0x000000003FFF0200 000040
[    0.000000] ACPI: FACS 0x000000003FFF0200 000040
[    0.000000] ACPI: APIC 0x000000003FFF0240 00005C (v02 VBOX   VBOXAPIC 00000001 ASL  00000061)
[    0.000000] ACPI: SSDT 0x000000003FFF02A0 0001CC (v01 VBOX   VBOXCPUT 00000002 INTL 20100528)
[    0.000000] No NUMA configuration found
[    0.000000] Faking a node at [mem 0x0000000000000000-0x000000003ffeffff]
[    0.000000] NODE_DATA(0) allocated [mem 0x3ffc5000-0x3ffeffff]
[    0.000000] kvm-clock: cpu 0, msr 0:3ff44001, primary cpu clock
[    0.000000] kvm-clock: Using msrs 4b564d01 and 4b564d00
[    0.000000] kvm-clock: using sched offset of 5223280399 cycles
[    0.000000] clocksource: kvm-clock: mask: 0xffffffffffffffff max_cycles: 0x1cd42e4dffb, max_idle_ns: 881590591483 ns
[    0.000000] Zone ranges:
[    0.000000]   DMA      [mem 0x0000000000001000-0x0000000000ffffff]
[    0.000000]   DMA32    [mem 0x0000000001000000-0x000000003ffeffff]
[    0.000000]   Normal   empty
[    0.000000]   Device   empty
[    0.000000] Movable zone start for each node
[    0.000000] Early memory node ranges
[    0.000000]   node   0: [mem 0x0000000000001000-0x000000000009efff]
[    0.000000]   node   0: [mem 0x0000000000100000-0x000000003ffeffff]
[    0.000000] Reserved but unavailable: 98 pages
[    0.000000] Initmem setup node 0 [mem 0x0000000000001000-0x000000003ffeffff]
[    0.000000] ACPI: PM-Timer IO Port: 0x4008
[    0.000000] IOAPIC[0]: apic_id 2, version 32, address 0xfec00000, GSI 0-23
[    0.000000] ACPI: INT_SRC_OVR (bus 0 bus_irq 0 global_irq 2 dfl dfl)
[    0.000000] ACPI: INT_SRC_OVR (bus 0 bus_irq 9 global_irq 9 low level)
[    0.000000] Using ACPI (MADT) for SMP configuration information
[    0.000000] smpboot: Allowing 2 CPUs, 0 hotplug CPUs
[    0.000000] PM: Registered nosave memory: [mem 0x00000000-0x00000fff]
[    0.000000] PM: Registered nosave memory: [mem 0x0009f000-0x0009ffff]
[    0.000000] PM: Registered nosave memory: [mem 0x000a0000-0x000effff]
[    0.000000] PM: Registered nosave memory: [mem 0x000f0000-0x000fffff]
[    0.000000] e820: [mem 0x40000000-0xfebfffff] available for PCI devices
[    0.000000] Booting paravirtualized kernel on KVM
[    0.000000] clocksource: refined-jiffies: mask: 0xffffffff max_cycles: 0xffffffff, max_idle_ns: 7645519600211568 ns
[    0.000000] random: get_random_bytes called from start_kernel+0x99/0x4fd with crng_init=0
[    0.000000] setup_percpu: NR_CPUS:8192 nr_cpumask_bits:2 nr_cpu_ids:2 nr_node_ids:1
[    0.000000] percpu: Embedded 45 pages/cpu s147456 r8192 d28672 u1048576
[    0.000000] PV qspinlock hash table entries: 256 (order: 0, 4096 bytes)
[    0.000000] Built 1 zonelists, mobility grouping on.  Total pages: 257913
[    0.000000] Policy zone: DMA32
[    0.000000] Kernel command line: BOOT_IMAGE=/boot/vmlinuz-4.15.0-101-generic root=LABEL=cloudimg-rootfs ro console=tty1 console=ttyS0
[    0.000000] Memory: 983064K/1048120K available (12300K kernel code, 2481K rwdata, 4268K rodata, 2432K init, 2712K bss, 65056K reserved, 0K cma-reserved)
[    0.000000] SLUB: HWalign=64, Order=0-3, MinObjects=0, CPUs=2, Nodes=1
[    0.000000] Kernel/User page tables isolation: enabled
[    0.000000] ftrace: allocating 39364 entries in 154 pages
[    0.004000] Hierarchical RCU implementation.
[    0.004000] 	RCU restricting CPUs from NR_CPUS=8192 to nr_cpu_ids=2.
[    0.004000] 	Tasks RCU enabled.
[    0.004000] RCU: Adjusting geometry for rcu_fanout_leaf=16, nr_cpu_ids=2
[    0.004000] NR_IRQS: 524544, nr_irqs: 440, preallocated irqs: 16
[    0.004000] Console: colour VGA+ 80x25
[    0.004000] console [tty1] enabled
[    0.004000] console [ttyS0] enabled
[    0.004000] ACPI: Core revision 20170831
[    0.004000] ACPI: 2 ACPI AML tables successfully acquired and loaded
[    0.004000] APIC: Switch to symmetric I/O mode setup
[    0.004000] x2apic enabled
[    0.004000] Switched APIC routing to physical x2apic.
[    0.004000] ..TIMER: vector=0x30 apic1=0 pin1=2 apic2=-1 pin2=-1
[    0.004004] tsc: Detected 2903.998 MHz processor
[    0.004853] Calibrating delay loop (skipped) preset value.. 5807.99 BogoMIPS (lpj=11615992)
[    0.005627] pid_max: default: 32768 minimum: 301
[    0.008038] Security Framework initialized
[    0.008932] Yama: becoming mindful.
[    0.009793] AppArmor: AppArmor initialized
[    0.012000] Dentry cache hash table entries: 131072 (order: 8, 1048576 bytes)
[    0.012067] Inode-cache hash table entries: 65536 (order: 7, 524288 bytes)
[    0.016011] Mount-cache hash table entries: 2048 (order: 2, 16384 bytes)
[    0.017200] Mountpoint-cache hash table entries: 2048 (order: 2, 16384 bytes)
[    0.018727] Last level iTLB entries: 4KB 64, 2MB 8, 4MB 8
[    0.020002] Last level dTLB entries: 4KB 64, 2MB 0, 4MB 0, 1GB 4
[    0.021085] Spectre V1 : Mitigation: usercopy/swapgs barriers and __user pointer sanitization
[    0.022682] Spectre V2 : Mitigation: Full generic retpoline
[    0.024003] Spectre V2 : Spectre v2 / SpectreRSB mitigation: Filling RSB on context switch
[    0.025945] Speculative Store Bypass: Vulnerable
[    0.026840] MDS: Mitigation: Clear CPU buffers
[    0.028415] Freeing SMP alternatives memory: 36K
[    0.140081] smpboot: CPU0: Intel(R) Core(TM) i7-7820HQ CPU @ 2.90GHz (family: 0x6, model: 0x9e, stepping: 0x9)
[    0.142721] Performance Events: unsupported p6 CPU model 158 no PMU driver, software events only.
[    0.144143] Hierarchical SRCU implementation.
[    0.146148] NMI watchdog: Perf event create on CPU 0 failed with -2
[    0.148005] NMI watchdog: Perf NMI watchdog permanently disabled
[    0.149128] smp: Bringing up secondary CPUs ...
[    0.150145] x86: Booting SMP configuration:
[    0.150923] .... node  #0, CPUs:      #1
[    0.004000] kvm-clock: cpu 1, msr 0:3ff44041, secondary cpu clock
[    0.155702] smp: Brought up 1 node, 2 CPUs
[    0.156005] smpboot: Max logical packages: 1
[    0.156794] smpboot: Total of 2 processors activated (11615.99 BogoMIPS)
[    0.158563] devtmpfs: initialized
[    0.160048] x86/mm: Memory block size: 128MB
[    0.160976] evm: security.selinux
[    0.161946] evm: security.SMACK64
[    0.163027] evm: security.SMACK64EXEC
[    0.164004] evm: security.SMACK64TRANSMUTE
[    0.164767] evm: security.SMACK64MMAP
[    0.165452] evm: security.apparmor
[    0.166092] evm: security.ima
[    0.166668] evm: security.capability
[    0.168094] clocksource: jiffies: mask: 0xffffffff max_cycles: 0xffffffff, max_idle_ns: 7645041785100000 ns
[    0.169970] futex hash table entries: 512 (order: 3, 32768 bytes)
[    0.172000] pinctrl core: initialized pinctrl subsystem
[    0.172109] RTC time: 12:02:25, date: 09/25/20
[    0.173263] NET: Registered protocol family 16
[    0.176075] audit: initializing netlink subsys (disabled)
[    0.177455] audit: type=2000 audit(1601035351.698:1): state=initialized audit_enabled=0 res=1
[    0.177584] cpuidle: using governor ladder
[    0.180012] cpuidle: using governor menu
[    0.180796] ACPI: bus type PCI registered
[    0.181633] acpiphp: ACPI Hot Plug PCI Controller Driver version: 0.5
[    0.182945] PCI: Using configuration type 1 for base access
[    0.184818] HugeTLB registered 2.00 MiB page size, pre-allocated 0 pages
[    0.185266] ACPI: Added _OSI(Module Device)
[    0.188008] ACPI: Added _OSI(Processor Device)
[    0.188832] ACPI: Added _OSI(3.0 _SCP Extensions)
[    0.189684] ACPI: Added _OSI(Processor Aggregator Device)
[    0.190719] ACPI: Added _OSI(Linux-Dell-Video)
[    0.191559] ACPI: Added _OSI(Linux-Lenovo-NV-HDMI-Audio)
[    0.192005] ACPI: Added _OSI(Linux-HPI-Hybrid-Graphics)
[    0.193442] ACPI: Executed 1 blocks of module-level executable AML code
[    0.198736] ACPI: Interpreter enabled
[    0.199439] ACPI: (supports S0 S5)
[    0.200003] ACPI: Using IOAPIC for interrupt routing
[    0.201094] PCI: Using host bridge windows from ACPI; if necessary, use "pci=nocrs" and report a bug
[    0.203135] ACPI: Enabled 2 GPEs in block 00 to 07
[    0.211066] ACPI: PCI Root Bridge [PCI0] (domain 0000 [bus 00-ff])
[    0.212064] acpi PNP0A03:00: _OSC: OS supports [ASPM ClockPM Segments MSI]
[    0.214397] acpi PNP0A03:00: _OSC: not requesting OS control; OS requires [ExtendedConfig ASPM ClockPM MSI]
[    0.216013] acpi PNP0A03:00: fail to add MMCONFIG information, can't access extended PCI configuration space under this bridge.
[    0.220106] PCI host bridge to bus 0000:00
[    0.221302] pci_bus 0000:00: root bus resource [io  0x0000-0x0cf7 window]
[    0.222639] pci_bus 0000:00: root bus resource [io  0x0d00-0xffff window]
[    0.223880] pci_bus 0000:00: root bus resource [mem 0x000a0000-0x000bffff window]
[    0.224011] pci_bus 0000:00: root bus resource [mem 0x40000000-0xfdffffff window]
[    0.225953] pci_bus 0000:00: root bus resource [bus 00-ff]
[    0.230573] pci 0000:00:01.1: legacy IDE quirk: reg 0x10: [io  0x01f0-0x01f7]
[    0.232005] pci 0000:00:01.1: legacy IDE quirk: reg 0x14: [io  0x03f6]
[    0.233387] pci 0000:00:01.1: legacy IDE quirk: reg 0x18: [io  0x0170-0x0177]
[    0.234643] pci 0000:00:01.1: legacy IDE quirk: reg 0x1c: [io  0x0376]
[    0.251700] pci 0000:00:07.0: quirk: [io  0x4000-0x403f] claimed by PIIX4 ACPI
[    0.252029] pci 0000:00:07.0: quirk: [io  0x4100-0x410f] claimed by PIIX4 SMB
[    0.265562] ACPI: PCI Interrupt Link [LNKA] (IRQs 5 9 10 *11)
[    0.267211] ACPI: PCI Interrupt Link [LNKB] (IRQs 5 9 *10 11)
[    0.268124] ACPI: PCI Interrupt Link [LNKC] (IRQs 5 *9 10 11)
[    0.269792] ACPI: PCI Interrupt Link [LNKD] (IRQs 5 9 10 *11)
[    0.271585] SCSI subsystem initialized
[    0.272048] pci 0000:00:02.0: vgaarb: setting as boot VGA device
[    0.273306] pci 0000:00:02.0: vgaarb: VGA device added: decodes=io+mem,owns=io+mem,locks=none
[    0.276014] pci 0000:00:02.0: vgaarb: bridge control possible
[    0.277046] vgaarb: loaded
[    0.277820] ACPI: bus type USB registered
[    0.278590] usbcore: registered new interface driver usbfs
[    0.280019] usbcore: registered new interface driver hub
[    0.281160] usbcore: registered new device driver usb
[    0.282317] EDAC MC: Ver: 3.0.0
[    0.284069] PCI: Using ACPI for IRQ routing
[    0.285149] NetLabel: Initializing
[    0.285804] NetLabel:  domain hash size = 128
[    0.286637] NetLabel:  protocols = UNLABELED CIPSOv4 CALIPSO
[    0.287823] NetLabel:  unlabeled traffic allowed by default
[    0.288064] clocksource: Switched to clocksource kvm-clock
[    0.304303] VFS: Disk quotas dquot_6.6.0
[    0.305416] VFS: Dquot-cache hash table entries: 512 (order 0, 4096 bytes)
[    0.307670] AppArmor: AppArmor Filesystem Enabled
[    0.308689] pnp: PnP ACPI init
[    0.311056] pnp: PnP ACPI: found 3 devices
[    0.321302] clocksource: acpi_pm: mask: 0xffffff max_cycles: 0xffffff, max_idle_ns: 2085701024 ns
[    0.323574] NET: Registered protocol family 2
[    0.324563] TCP established hash table entries: 8192 (order: 4, 65536 bytes)
[    0.326299] TCP bind hash table entries: 8192 (order: 5, 131072 bytes)
[    0.329755] TCP: Hash tables configured (established 8192 bind 8192)
[    0.331260] UDP hash table entries: 512 (order: 2, 16384 bytes)
[    0.332683] UDP-Lite hash table entries: 512 (order: 2, 16384 bytes)
[    0.334423] NET: Registered protocol family 1
[    0.335233] pci 0000:00:00.0: Limiting direct PCI/PCI transfers
[    0.336454] pci 0000:00:01.0: Activating ISA DMA hang workarounds
[    0.337789] pci 0000:00:02.0: Video device with shadowed ROM at [mem 0x000c0000-0x000dffff]
[    0.340655] Unpacking initramfs...
[    0.654678] Freeing initrd memory: 19204K
[    0.655909] clocksource: tsc: mask: 0xffffffffffffffff max_cycles: 0x29dc03c1beb, max_idle_ns: 440795205215 ns
[    0.658444] platform rtc_cmos: registered platform RTC device (no PNP device found)
[    0.660085] Scanning for low memory corruption every 60 seconds
[    0.662587] Initialise system trusted keyrings
[    0.663898] Key type blacklist registered
[    0.664999] workingset: timestamp_bits=36 max_order=18 bucket_order=0
[    0.666899] zbud: loaded
[    0.667925] squashfs: version 4.0 (2009/01/31) Phillip Lougher
[    0.669405] fuse init (API version 7.26)
[    0.672576] Key type asymmetric registered
[    0.673352] Asymmetric key parser 'x509' registered
[    0.674403] Block layer SCSI generic (bsg) driver version 0.4 loaded (major 246)
[    0.675928] io scheduler noop registered
[    0.676967] io scheduler deadline registered
[    0.677960] io scheduler cfq registered (default)
[    0.679634] ACPI: AC Adapter [AC] (on-line)
[    0.680519] input: Power Button as /devices/LNXSYSTM:00/LNXPWRBN:00/input/input0
[    0.681981] ACPI: Power Button [PWRF]
[    0.682743] input: Sleep Button as /devices/LNXSYSTM:00/LNXSLPBN:00/input/input1
[    0.684490] ACPI: Sleep Button [SLPF]
[    0.686546] ACPI: Battery Slot [BAT0] (battery present)
[    0.687564] Serial: 8250/16550 driver, 32 ports, IRQ sharing enabled
[    0.709945] 00:02: ttyS0 at I/O 0x3f8 (irq = 4, base_baud = 115200) is a 16550A
[    0.715078] Linux agpgart interface v0.103
[    0.717404] loop: module loaded
[    0.718848] scsi host0: ata_piix
[    0.719673] scsi host1: ata_piix
[    0.720363] ata1: PATA max UDMA/33 cmd 0x1f0 ctl 0x3f6 bmdma 0xd000 irq 14
[    0.721801] ata2: PATA max UDMA/33 cmd 0x170 ctl 0x376 bmdma 0xd008 irq 15
[    0.724507] libphy: Fixed MDIO Bus: probed
[    0.725402] tun: Universal TUN/TAP device driver, 1.6
[    0.726462] PPP generic driver version 2.4.2
[    0.727842] ehci_hcd: USB 2.0 'Enhanced' Host Controller (EHCI) Driver
[    0.729182] ehci-pci: EHCI PCI platform driver
[    0.730017] ehci-platform: EHCI generic platform driver
[    0.730981] ohci_hcd: USB 1.1 'Open' Host Controller (OHCI) Driver
[    0.732481] ohci-pci: OHCI PCI platform driver
[    0.733921] ohci-platform: OHCI generic platform driver
[    0.734931] uhci_hcd: USB Universal Host Controller Interface driver
[    0.736466] i8042: PNP: PS/2 Controller [PNP0303:PS2K,PNP0f03:PS2M] at 0x60,0x64 irq 1,12
[    0.738615] serio: i8042 KBD port at 0x60,0x64 irq 1
[    0.739620] serio: i8042 AUX port at 0x60,0x64 irq 12
[    0.740734] mousedev: PS/2 mouse device common for all mice
[    0.742469] input: AT Translated Set 2 keyboard as /devices/platform/i8042/serio0/input/input2
[    0.744701] rtc_cmos rtc_cmos: rtc core: registered rtc_cmos as rtc0
[    0.745948] rtc_cmos rtc_cmos: alarms up to one day, 114 bytes nvram
[    0.747378] i2c /dev entries driver
[    0.748090] device-mapper: uevent: version 1.0.3
[    0.749169] device-mapper: ioctl: 4.37.0-ioctl (2017-09-20) initialised: dm-devel@redhat.com
[    0.750840] ledtrig-cpu: registered to indicate activity on CPUs
[    0.752399] NET: Registered protocol family 10
[    0.756474] Segment Routing with IPv6
[    0.757333] NET: Registered protocol family 17
[    0.758315] Key type dns_resolver registered
[    0.759510] mce: Using 0 MCE banks
[    0.760183] RAS: Correctable Errors collector initialized.
[    0.761267] sched_clock: Marking stable (760163325, 0)->(926393588, -166230263)
[    0.763148] registered taskstats version 1
[    0.763968] Loading compiled-in X.509 certificates
[    0.767020] Loaded X.509 cert 'Build time autogenerated kernel key: 81757e40860ca54b8a45e323b66799c03c91a344'
[    0.768885] zswap: loaded using pool lzo/zbud
[    0.773181] Key type big_key registered
[    0.774025] Key type trusted registered
[    0.777696] Key type encrypted registered
[    0.778702] AppArmor: AppArmor sha1 policy hashing enabled
[    0.780105] ima: No TPM chip found, activating TPM-bypass! (rc=-19)
[    0.781950] ima: Allocated hash algorithm: sha1
[    0.782799] evm: HMAC attrs: 0x1
[    0.783734]   Magic number: 4:132:27
[    0.784557] rtc_cmos rtc_cmos: setting system clock to 2020-09-25 12:02:26 UTC (1601035346)
[    0.786420] BIOS EDD facility v0.16 2004-Jun-25, 0 devices found
[    0.787593] EDD information not available.
[    1.164052] Freeing unused kernel image memory: 2432K
[    1.504101] Write protecting the kernel read-only data: 20480k
[    1.506468] Freeing unused kernel image memory: 2008K
[    1.508065] Freeing unused kernel image memory: 1876K
[    1.519089] x86/mm: Checked W+X mappings: passed, no W+X pages found.
[    1.520577] x86/mm: Checking user space page tables
[    1.528879] x86/mm: Checked W+X mappings: passed, no W+X pages found.
Loading, please wait...
starting version 237
[    1.607986] Fusion MPT base driver 3.04.20
[    1.609329] Copyright (c) 1999-2008 LSI Corporation
[    1.631752] Fusion MPT SPI Host driver 3.04.20
[    1.632738] e1000: Intel(R) PRO/1000 Network Driver - version 7.3.21-k8-NAPI
[    1.635066] mptbase: ioc0: Initiating bringup
[    1.635486] e1000: Copyright (c) 1999-2006 Intel Corporation.
[    1.642001] AVX2 version of gcm_enc/dec engaged.
[    1.643654] AES CTR mode by8 optimization enabled
[    1.741110] ioc0: LSI53C1030 A0: Capabilities={Initiator}
[    1.826546] input: ImExPS/2 Generic Explorer Mouse as /devices/platform/i8042/serio1/input/input4
[    1.986970] scsi host2: ioc0: LSI53C1030 A0, FwRev=00000000h, Ports=1, MaxQ=256, IRQ=20
[    2.157101] scsi 2:0:0:0: Direct-Access     VBOX     HARDDISK         1.0  PQ: 0 ANSI: 5
[    2.184363] scsi target2:0:0: Beginning Domain Validation
[    2.187960] scsi target2:0:0: Domain Validation skipping write tests
[    2.189402] scsi target2:0:0: Ending Domain Validation
[    2.190496] scsi target2:0:0: asynchronous
[    2.192112] scsi 2:0:1:0: Direct-Access     VBOX     HARDDISK         1.0  PQ: 0 ANSI: 5
[    2.524198] scsi target2:0:1: Beginning Domain Validation
[    2.527510] random: fast init done
[    2.528514] scsi target2:0:1: Domain Validation skipping write tests
[    2.529696] scsi target2:0:1: Ending Domain Validation
[    2.531047] scsi target2:0:1: asynchronous
[    2.535274] random: systemd-udevd: uninitialized urandom read (16 bytes read)
[    2.536896] sd 2:0:0:0: Attached scsi generic sg0 type 0
[    2.536925] random: systemd-udevd: uninitialized urandom read (16 bytes read)
[    2.539237] random: systemd-udevd: uninitialized urandom read (16 bytes read)
[    2.540727] sd 2:0:1:0: Attached scsi generic sg1 type 0
[    2.542175] sd 2:0:0:0: [sda] 20971520 512-byte logical blocks: (10.7 GB/10.0 GiB)
[    2.544504] sd 2:0:1:0: [sdb] 20480 512-byte logical blocks: (10.5 MB/10.0 MiB)
[    2.546550] sd 2:0:0:0: [sda] Write Protect is off
[    2.547500] sd 2:0:1:0: [sdb] Write Protect is off
[    2.548708] sd 2:0:0:0: [sda] Incomplete mode parameter data
[    2.549748] sd 2:0:0:0: [sda] Assuming drive cache: write through
[    2.550990] sd 2:0:1:0: [sdb] Incomplete mode parameter data
[    2.552421] sd 2:0:1:0: [sdb] Assuming drive cache: write through
[    2.561975]  sda: sda1
[    2.564040] sd 2:0:1:0: [sdb] Attached SCSI disk
[    2.565277] sd 2:0:0:0: [sda] Attached SCSI disk
[    2.567643] e1000 0000:00:03.0 eth0: (PCI:33MHz:32-bit) 02:14:dc:98:74:16
[    2.570482] e1000 0000:00:03.0 eth0: Intel(R) PRO/1000 Network Connection
[    3.033910] e1000 0000:00:08.0 eth1: (PCI:33MHz:32-bit) 08:00:27:d3:d5:e3
[    3.036040] e1000 0000:00:08.0 eth1: Intel(R) PRO/1000 Network Connection
[    3.038822] e1000 0000:00:08.0 enp0s8: renamed from eth1
[    3.053646] e1000 0000:00:03.0 enp0s3: renamed from eth0
Begin: Loading essential drivers ... [    4.520375] raid6: sse2x1   gen() 10133 MB/s
[    4.568249] raid6: sse2x1   xor()  7148 MB/s
[    4.616265] raid6: sse2x2   gen() 13082 MB/s
[    4.664105] raid6: sse2x2   xor()  7118 MB/s
[    4.712214] raid6: sse2x4   gen() 12498 MB/s
[    4.760162] raid6: sse2x4   xor()  8676 MB/s
[    4.808169] raid6: avx2x1   gen() 19929 MB/s
[    4.856211] raid6: avx2x1   xor() 12800 MB/s
[    4.904168] raid6: avx2x2   gen() 19951 MB/s
[    4.952115] raid6: avx2x2   xor() 14356 MB/s
[    5.000128] raid6: avx2x4   gen() 29073 MB/s
[    5.048127] raid6: avx2x4   xor() 17059 MB/s
[    5.049389] raid6: using algorithm avx2x4 gen() 29073 MB/s
[    5.050714] raid6: .... xor() 17059 MB/s, rmw enabled
[    5.051871] raid6: using avx2x2 recovery algorithm
[    5.054193] xor: automatically using best checksumming function   avx       
[    5.057239] async_tx: api initialized (async)
done.
Begin: Running /scripts/init-premount ... done.
Begin: Mounting root file system ... Begin: Running /scripts/local-top ... done.
Begin: Running /scripts/local-premount ... [    5.103423] Btrfs loaded, crc32c=crc32c-intel
Scanning for Btrfs filesystems
done.
Warning: fsck not present, so skipping root file system
[    5.135403] EXT4-fs (sda1): mounted filesystem with ordered data mode. Opts: (null)
done.
Begin: Running /scripts/local-bottom ... done.
Begin: Running /scripts/init-bottom ... done.
[    5.317237] ip_tables: (C) 2000-2006 Netfilter Core Team
[    5.328554] systemd[1]: systemd 237 running in system mode. (+PAM +AUDIT +SELINUX +IMA +APPARMOR +SMACK +SYSVINIT +UTMP +LIBCRYPTSETUP +GCRYPT +GNUTLS +ACL +XZ +LZ4 +SECCOMP +BLKID +ELFUTILS +KMOD -IDN2 +IDN -PCRE2 default-hierarchy=hybrid)
[    5.332528] systemd[1]: Detected virtualization oracle.
[    5.333518] systemd[1]: Detected architecture x86-64.

Welcome to [1mUbuntu 18.04.4 LTS[0m!

[    5.343868] systemd[1]: Set hostname to <openvidu>.
[    5.604229] systemd[1]: /etc/systemd/system/openviduserver.service:3: Unknown lvalue 'After network.target' in section 'Unit'
[    5.665703] systemd[1]: Reached target Swap.
[[0;32m  OK  [0m] Reached target Swap.
[    5.669636] systemd[1]: Created slice System Slice.
[[0;32m  OK  [0m] Created slice System Slice.
[    5.671652] systemd[1]: Listening on udev Kernel Socket.
[[0;32m  OK  [0m] Listening on udev Kernel Socket.
[    5.673808] systemd[1]: Listening on RPCbind Server Activation Socket.
[[0;32m  OK  [0m] Listening on RPCbind Server Activation Socket.
[    5.677569] systemd[1]: Listening on LVM2 poll daemon socket.
[[0;32m  OK  [0m] Listening on LVM2 poll daemon socket.
[[0;32m  OK  [0m] Created slice User and Session Slice.
[[0;32m  OK  [0m] Reached target Slices.
[[0;32m  OK  [0m] Listening on Journal Socket.
         Mounting Huge Pages File System...
         Mounting Kernel Debug File System...
         Starting Load Kernel Modules...
         Mounting RPC Pipe File System...
         Starting Create list of required stâ€¦ce nodes for the current kernel...
[    5.746909] Loading iSCSI transport class v2.0-870.
         Starting Set the console keyboard layout...
[[0;32m  OK  [0m] Reached target User and Group Name Lookups.
[[0;32m  OK  [0m] Started Forward Password Requests to Wall Directory Watch.
[    5.755018] iscsi: registered transport (tcp)
         Starting Uncomplicated firewall...
[[0;32m  OK  [0m] Set up automount Arbitrary Executabâ€¦rmats File System Automount Point.
[[0;32m  OK  [0m] Created slice system-serial\x2dgetty.slice.
[[0;32m  OK  [0m] Listening on /dev/initctl Compatibility Named Pipe.
[[0;32m  OK  [0m] Listening on Journal Socket (/dev/log).
[[0;32m  OK  [0m] Listening on Syslog Socket.
[[0;32m  OK  [0m] Listening on Device-mapper event daemon FIFOs.
[    5.776494] iscsi: registered transport (iser)
[[0;32m  OK  [0m] Reached target System Time Synchronized.
         Mounting POSIX Message Queue File System...
[    5.789827] RPC: Registered named UNIX socket transport module.
[    5.791107] RPC: Registered udp transport module.
[    5.792334] RPC: Registered tcp transport module.
[    5.794031] RPC: Registered tcp NFSv4.1 backchannel transport module.
[[0;32m  OK  [0m] Listening on LVM2 metadata daemon socket.
         Starting Monitoring of LVM2 mirrorsâ€¦ng dmeventd or progress polling...
[[0;32m  OK  [0m] Listening on Network Service Netlink Socket.
         Starting Remount Root and Kernel File Systems...
[[0;32m  OK  [0m] Listening on Journal Audit Socket.
         Starting Journal Service...
[[0;32m  OK  [0m] Listening on udev Control Socket.
         Starting udev Coldplug all Devices...
[[0;32m  OK  [0m] Mounted Huge Pages File System.
[[0;32m  OK  [0m] Mounted Kernel Debug File System.
[[0;32m  OK  [0m] Started Load Kernel Modules.
[[0;32m  OK  [0m] Mounted RPC Pipe File System.
[[0;32m  OK  [0m] Started Create list of required staâ€¦vice nodes for the current kernel.
[[0;32m  OK  [0m] Started Uncomplicated firewall.
[[0;32m  OK  [0m] Mounted POSIX Message Queue File System.
[[0;32m  OK  [0m] Started LVM2 metadata daemon.
         Starting Create Static Device Nodes in /dev...
         Mounting FUSE Control File System...
         Mounting Kernel Configuration File System...
         Starting Apply Kernel Variables...
[    5.880657] EXT4-fs (sda1): re-mounted. Opts: (null)
[[0;32m  OK  [0m] Started Remount Root and Kernel File Systems.
[[0;32m  OK  [0m] Mounted FUSE Control File System.
[[0;32m  OK  [0m] Mounted Kernel Configuration File System.
[[0;32m  OK  [0m] Started Journal Service.
         Starting Load/Save Random Seed...
         Starting Flush Journal to Persistent Storage...
[[0;32m  OK  [0m] Started Monitoring of LVM2 mirrors,â€¦sing dmeventd or progress polling.
[[0;32m  OK  [0m] Started Create Static Device Nodes in /dev.
[[0;32m  OK  [0m] Started Apply Kernel Variables.
[[0;32m  OK  [0m] Started udev Coldplug all Devices.
[[0;32m  OK  [0m] Started Load/Save Random Seed.
         Starting udev Kernel Device Manager...
[[0;32m  OK  [0m] Started Set the console keyboard layout.
[[0;32m  OK  [0m] Reached target Local File Systems (Pre).
[[0;32m  OK  [0m] Reached target Local File Systems.
         Starting ebtables ruleset management...
         Starting Tell Plymouth To Write Out Runtime Data...
         Starting Set console font and keymap...
         Starting AppArmor initialization...
         Starting Preprocess NFS configuration...
[[0;32m  OK  [0m] Started udev Kernel Device Manager.
[[0;32m  OK  [0m] Started Dispatch Password Requests to Console Directory Watch.
[[0;32m  OK  [0m] Reached target Local Encrypted Volumes.
[[0;32m  OK  [0m] Started Tell Plymouth To Write Out Runtime Data.
[[0;32m  OK  [0m] Started Set console font and keymap.
[[0;32m  OK  [0m] Started Preprocess NFS configuration.
[[0;32m  OK  [0m] Reached target NFS client services.
[[0;32m  OK  [0m] Started Flush Journal to Persistent Storage.
         Starting Create Volatile Files and Directories...
[[0;32m  OK  [0m] Started ebtables ruleset management.
[[0;32m  OK  [0m] Found device /dev/ttyS0.
[[0;32m  OK  [0m] Listening on Load/Save RF Kill Switch Status /dev/rfkill Watch.
[[0;32m  OK  [0m] Started Create Volatile Files and Directories.
         Starting Update UTMP about System Boot/Shutdown...
         Starting RPC bind portmap service...
[[0;32m  OK  [0m] Started RPC bind portmap service.
[[0;32m  OK  [0m] Reached target RPC Port Mapper.
[[0;32m  OK  [0m] Started Update UTMP about System Boot/Shutdown.
[[0;32m  OK  [0m] Started AppArmor initialization.
         Starting Initial cloud-init job (pre-networking)...
[    8.561036] cloud-init[551]: Cloud-init v. 19.4-33-gbb4131a2-0ubuntu1~18.04.1 running 'init-local' at Fri, 25 Sep 2020 12:02:34 +0000. Up 8.33 seconds.
[[0;32m  OK  [0m] Started Initial cloud-init job (pre-networking).
[[0;32m  OK  [0m] Reached target Network (Pre).
         Starting Network Service...
[[0;32m  OK  [0m] Started Network Service.
         Starting Network Name Resolution...
         Starting Wait for Network to be Configured...
[[0;32m  OK  [0m] Started Network Name Resolution.
[[0;32m  OK  [0m] Reached target Host and Network Name Lookups.
[[0;32m  OK  [0m] Reached target Network.
[[0;32m  OK  [0m] Started Wait for Network to be Configured.
         Starting Initial cloud-init job (metadata service crawler)...
[   11.315206] cloud-init[665]: Cloud-init v. 19.4-33-gbb4131a2-0ubuntu1~18.04.1 running 'init' at Fri, 25 Sep 2020 12:02:36 +0000. Up 11.15 seconds.
[   11.316358] cloud-init[665]: ci-info: ++++++++++++++++++++++++++++++++++++++Net device info+++++++++++++++++++++++++++++++++++++++
[   11.317882] cloud-init[665]: ci-info: +--------+------+-----------------------------+---------------+--------+-------------------+
[   11.319574] cloud-init[665]: ci-info: | Device |  Up  |           Address           |      Mask     | Scope  |     Hw-Address    |
[   11.355493] cloud-init[665]: ci-info: +--------+------+-----------------------------+---------------+--------+-------------------+
[   11.358522] cloud-init[665]: ci-info: | enp0s3 | True |          10.0.2.15          | 255.255.255.0 | global | 02:14:dc:98:74:16 |
[   11.361676] cloud-init[665]: ci-info: | enp0s3 | True |  fe80::14:dcff:fe98:7416/64 |       .       |  link  | 02:14:dc:98:74:16 |
[   11.376283] cloud-init[665]: ci-info: | enp0s8 | True |        192.168.33.10        | 255.255.255.0 | global | 08:00:27:d3:d5:e3 |
[   11.379592] cloud-init[665]: ci-info: | enp0s8 | True | fe80::a00:27ff:fed3:d5e3/64 |       .       |  link  | 08:00:27:d3:d5:e3 |
[   11.382536] cloud-init[665]: ci-info: |   lo   | True |          127.0.0.1          |   255.0.0.0   |  host  |         .         |
[   11.385581] cloud-init[665]: ci-info: |   lo   | True |           ::1/128           |       .       |  host  |         .         |
[   11.388609] cloud-init[665]: ci-info: +--------+------+-----------------------------+---------------+--------+-------------------+
[   11.400289] cloud-init[665]: ci-info: +++++++++++++++++++++++++++++Route IPv4 info+++++++++++++++++++++++++++++
[   11.401981] cloud-init[665]: ci-info: +-------+--------------+----------+-----------------+-----------+-------+
[   11.403008] cloud-init[665]: ci-info: | Route | Destination  | Gateway  |     Genmask     | Interface | Flags |
[   11.404768] cloud-init[665]: ci-info: +-------+--------------+----------+-----------------+-----------+-------+
[   11.406105] cloud-init[665]: ci-info: |   0   |   0.0.0.0    | 10.0.2.2 |     0.0.0.0     |   enp0s3  |   UG  |
[   11.407550] cloud-init[665]: ci-info: |   1   |   10.0.2.0   | 0.0.0.0  |  255.255.255.0  |   enp0s3  |   U   |
[   11.422824] cloud-init[665]: ci-info: |   2   |   10.0.2.2   | 0.0.0.0  | 255.255.255.255 |   enp0s3  |   UH  |
[   11.427824] cloud-init[665]: ci-info: |   3   | 192.168.33.0 | 0.0.0.0  |  255.255.255.0  |   enp0s8  |   U   |
[   11.429917] cloud-init[665]: ci-info: +-------+--------------+----------+-----------------+-----------+-------+
[   11.432866] cloud-init[665]: ci-info: +++++++++++++++++++Route IPv6 info+++++++++++++++++++
[   11.444281] cloud-init[665]: ci-info: +-------+-------------+---------+-----------+-------+
[   11.456287] cloud-init[665]: ci-info: | Route | Destination | Gateway | Interface | Flags |
[   11.457763] cloud-init[665]: ci-info: +-------+-------------+---------+-----------+-------+
[   11.460199] cloud-init[665]: ci-info: |   1   |  fe80::/64  |    ::   |   enp0s8  |   U   |
[   11.484335] cloud-init[665]: ci-info: |   2   |  fe80::/64  |    ::   |   enp0s3  |   U   |
[   11.500768] cloud-init[665]: ci-info: |   4   |    local    |    ::   |   enp0s3  |   U   |
[   11.505251] cloud-init[665]: ci-info: |   5   |    local    |    ::   |   enp0s8  |   U   |
[   11.507503] cloud-init[665]: ci-info: |   6   |   ff00::/8  |    ::   |   enp0s8  |   U   |
[   11.522895] cloud-init[665]: ci-info: |   7   |   ff00::/8  |    ::   |   enp0s3  |   U   |
[   11.524745] cloud-init[665]: ci-info: +-------+-------------+---------+-----------+-------+
[[0;32m  OK  [0m] Started Initial cloud-init job (metadata service crawler).
[[0;32m  OK  [0m] Reached target Cloud-config availability.
[[0;32m  OK  [0m] Reached target System Initialization.
[[0;32m  OK  [0m] Started Daily Cleanup of Temporary Directories.
[[0;32m  OK  [0m] Started Discard unused blocks once a week.
[[0;32m  OK  [0m] Started ACPI Events Check.
[[0;32m  OK  [0m] Listening on D-Bus System Message Bus Socket.
[[0;32m  OK  [0m] Reached target Paths.
[[0;32m  OK  [0m] Started Message of the Day.
         Starting LXD - unix socket.
[[0;32m  OK  [0m] Started Daily apt download activities.
[[0;32m  OK  [0m] Started Daily apt upgrade and clean activities.
[[0;32m  OK  [0m] Listening on UUID daemon activation socket.
[[0;32m  OK  [0m] Reached target Timers.
         Starting Socket activation for snappy daemon.
[[0;32m  OK  [0m] Listening on ACPID Listen Socket.
[[0;32m  OK  [0m] Listening on Open-iSCSI iscsid Socket.
         Starting Docker Socket for the API.
[[0;32m  OK  [0m] Reached target Network is Online.
         Starting Availability of block devices...
[[0;32m  OK  [0m] Reached target Remote File Systems (Pre).
[[0;32m  OK  [0m] Reached target Remote File Systems.
[[0;32m  OK  [0m] Listening on LXD - unix socket.
[[0;32m  OK  [0m] Listening on Socket activation for snappy daemon.
[[0;32m  OK  [0m] Listening on Docker Socket for the API.
[[0;32m  OK  [0m] Started Availability of block devices.
[[0;32m  OK  [0m] Reached target Sockets.
[[0;32m  OK  [0m] Reached target Basic System.
         Starting LXD - container startup/shutdown...
         Starting LSB: coturn TURN Server...
         Starting LSB: Record successful boot for GRUB...
         Starting Advanced key-value store...
         Starting Accounts Service...
         Starting Virtualbox guest utils...
         Starting OpenBSD Secure Shell server...
         Starting Message of the Day...
[[0;32m  OK  [0m] Started Deferred execution scheduler.
         Starting The Marionette Collective...
         Starting Snappy daemon...
         Starting containerd container runtime...
         Starting LSB: automatic crash report generation...
[[0;32m  OK  [0m] Started irqbalance daemon.
[[0;32m  OK  [0m] Started D-Bus System Message Bus.
         Starting Permit User Sessions...
[[0;32m  OK  [0m] Started FUSE filesystem for LXC.
         Starting Login Service...
         Starting Dispatcher daemon for systemd-networkd...
[[0;32m  OK  [0m] Started Regular background program processing daemon.
         Starting System Logging Service...
         Starting Openvidu Service...
[[0;32m  OK  [0m] Started Puppet agent.
         Starting LSB: Kurento Media Server daemon...
[[0;32m  OK  [0m] Started Advanced key-value store.
[[0;32m  OK  [0m] Started Permit User Sessions.
[[0;32m  OK  [0m] Started Openvidu Service.
[[0;32m  OK  [0m] Started OpenBSD Secure Shell server.
[[0;32m  OK  [0m] Started LXD - container startup/shutdown.
[[0;32m  OK  [0m] Started Login Service.
[[0;32m  OK  [0m] Started Unattended Upgrades Shutdown.
         Starting Authorization Manager...
         Starting Terminate Plymouth Boot Screen...
         Starting Hold until boot process finishes up...
[[0;32m  OK  [0m] Started System Logging Service.
[[0;32m  OK  [0m] Started Hold until boot process finishes up.
[[0;32m  OK  [0m] Started Terminate Plymouth Boot Screen.
[[0;32m  OK  [0m] Started Serial Getty on ttyS0.
         Starting Set console scheme...
[[0;32m  OK  [0m] Started Set console scheme.
[[0;32m  OK  [0m] Created slice system-getty.slice.
[[0;32m  OK  [0m] Started Getty on tty1.
[[0;32m  OK  [0m] Reached target Login Prompts.
[[0;32m  OK  [0m] Started Authorization Manager.
[[0;32m  OK  [0m] Started Accounts Service.
[[0;32m  OK  [0m] Started LSB: automatic crash report generation.
[[0;32m  OK  [0m] Started LSB: coturn TURN Server.
[[0;32m  OK  [0m] Started LSB: Record successful boot for GRUB.
[[0;32m  OK  [0m] Started LSB: Kurento Media Server daemon.
[[0;32m  OK  [0m] Created slice User Slice of vagrant.
[[0;32m  OK  [0m] Started Virtualbox guest utils.
[[0;32m  OK  [0m] Started Session 1 of user vagrant.
         Starting User Manager for UID 1000...
[[0;32m  OK  [0m] Started Dispatcher daemon for systemd-networkd.
[[0;32m  OK  [0m] Started User Manager for UID 1000.
[[0;32m  OK  [0m] Started containerd container runtime.
         Starting Docker Application Container Engine...
[[0;32m  OK  [0m] Started Snappy daemon.
         Starting Wait until snapd is fully seeded...
[[0;32m  OK  [0m] Started Wait until snapd is fully seeded.
         Starting Apply the settings specified in cloud-config...
[[0;32m  OK  [0m] Started Message of the Day.
[[0;32m  OK  [0m] Started The Marionette Collective.
[   16.436884] cloud-init[1290]: Cloud-init v. 19.4-33-gbb4131a2-0ubuntu1~18.04.1 running 'modules:config' at Fri, 25 Sep 2020 12:02:41 +0000. Up 16.26 seconds.
[[0;32m  OK  [0m] Started Apply the settings specified in cloud-config.

Ubuntu 18.04.4 LTS openvidu ttyS0

openvidu login: [   21.776634] cloud-init[1947]: Cloud-init v. 19.4-33-gbb4131a2-0ubuntu1~18.04.1 running 'modules:final' at Fri, 25 Sep 2020 12:02:47 +0000. Up 21.65 seconds.
[   21.777613] cloud-init[1947]: Cloud-init v. 19.4-33-gbb4131a2-0ubuntu1~18.04.1 finished at Fri, 25 Sep 2020 12:02:47 +0000. Datasource DataSourceNoCloud [seed=/dev/sdb][dsmode=net].  Up 21.76 seconds
         Starting Openvidu Service...
[[0;32m  OK  [0m] Started Openvidu Service.
         Stopping Openvidu Service...
[[0;32m  OK  [0m] Stopped Openvidu Service.
         Starting Openvidu Service...
[[0;32m  OK  [0m] Started Openvidu Service.
[[0;32m  OK  [0m] Stopped Wait until snapd is fully seeded.
[[0;32m  OK  [0m] Closed Socket activation for snappy daemon.
         Starting Load AppArmor profiles managed internally by snapd...
         Starting Socket activation for snappy daemon.
[[0;32m  OK  [0m] Listening on Socket activation for snappy daemon.
         Starting Snap Daemon...
[[0;32m  OK  [0m] Started Load AppArmor profiles managed internally by snapd.
[[0;32m  OK  [0m] Started Snap Daemon.
         Starting Wait until snapd is fully seeded...
[[0;32m  OK  [0m] Started Wait until snapd is fully seeded.
[[0;32m  OK  [0m] Stopped Discard unused blocks once a week.
         Stopping Discard unused blocks once a week.
[[0;32m  OK  [0m] Started Discard unused blocks once a week.
[[0;32m  OK  [0m] Stopped Discard unused blocks once a week.
         Stopping Discard unused blocks once a week.
[[0;32m  OK  [0m] Started Discard unused blocks once a week.
[[0;32m  OK  [0m] Started Daemon for generating UUIDs.
         Stopping LSB: automatic crash report generation...
[[0;32m  OK  [0m] Stopped LSB: automatic crash report generation.
         Starting LSB: automatic crash report generation...
[[0;32m  OK  [0m] Started LSB: automatic crash report generation.
[[0;32m  OK  [0m] Stopped target Sockets.
         Stopping Sockets.
[[0;32m  OK  [0m] Reached target Sockets.
         Stopping LSB: Record successful boot for GRUB...
[[0;32m  OK  [0m] Stopped LSB: Record successful boot for GRUB.
         Starting LSB: Record successful boot for GRUB...
[[0;32m  OK  [0m] Started LSB: Record successful boot for GRUB.
[[0;32m  OK  [0m] Started Daily apt upgrade and clean activities.
